
> tulio-brand-system@0.2.0 build
> vite build && npm run build:package

vite v6.3.5 building SSR bundle for production...
transforming...
3:19:18 PM [vite-plugin-svelte] src/routes/showcase/+page.svelte:363:1 Unused CSS selector ".section-padding"
https://svelte.dev/e/css_unused_selector
361:   }
362: 
363:   .section-padding {
                       ^
364:     padding: 40px 20px 60px 20px;
365:   }
3:19:18 PM [vite-plugin-svelte] src/routes/showcase/+page.svelte:368:2 Unused CSS selector ".section-padding"
https://svelte.dev/e/css_unused_selector
366: 
367:   @media (min-width: 640px) {
368:     .section-padding {
                         ^
369:       padding: 60px 30px 80px 30px;
370:     }
3:19:18 PM [vite-plugin-svelte] src/routes/showcase/+page.svelte:374:2 Unused CSS selector ".section-padding"
https://svelte.dev/e/css_unused_selector
372: 
373:   @media (min-width: 768px) {
374:     .section-padding {
                         ^
375:       padding: 80px 40px 100px 40px;
376:     }
3:19:18 PM [vite-plugin-svelte] src/routes/showcase/+page.svelte:380:2 Unused CSS selector ".section-padding"
https://svelte.dev/e/css_unused_selector
378: 
379:   @media (min-width: 1024px) {
380:     .section-padding {
                         ^
381:       padding: 100px 40px;
382:     }
3:19:18 PM [vite-plugin-svelte] src/lib/components/Badge.svelte:105:1 noninteractive element cannot have nonnegative tabIndex value
https://svelte.dev/e/a11y_no_noninteractive_tabindex
103:   {/if}
104: {:else}
105:   <span
            ^
106:     class={combinedClasses}
107:     role={interactive ? 'button' : 'status'}
3:19:18 PM [vite-plugin-svelte] src/lib/components/Modal.svelte:165:1 Elements with the 'dialog' interactive role must have a tabindex value
https://svelte.dev/e/a11y_interactive_supports_focus
163: 
164: {#if open}
165:   <div
           ^
166:     class={overlayClasses}
167:     role="dialog"
3:19:18 PM [vite-plugin-svelte] src/lib/components/Modal.svelte:165:1 Visible, non-interactive elements with a click event must be accompanied by a keyboard event handler. Consider whether an interactive element such as `<button type="button">` or `<a>` might be more appropriate
https://svelte.dev/e/a11y_click_events_have_key_events
163: 
164: {#if open}
165:   <div
           ^
166:     class={overlayClasses}
167:     role="dialog"
3:19:18 PM [vite-plugin-svelte] src/lib/components/Textarea.svelte:84:2 This reference only captures the initial value of `isFocused`. Did you mean to reference it inside a closure instead?
https://svelte.dev/e/state_referenced_locally
82:     resizeClasses[resize],
83:     disabled && 'opacity-50 cursor-not-allowed',
84:     isFocused && variant === 'glass' && 'glass-medium',
                 ^
85:     className
86:   );
3:19:18 PM [vite-plugin-svelte] src/lib/components/Switch.svelte:149:4 Visible, non-interactive elements with a click event must be accompanied by a keyboard event handler. Consider whether an interactive element such as `<button type="button">` or `<a>` might be more appropriate
https://svelte.dev/e/a11y_click_events_have_key_events
147:     <div class="flex flex-col">
148:       {#if label}
149:         <label
                   ^
150:           id={labelId}
151:           class="text-sm font-medium text-white cursor-pointer"
3:19:18 PM [vite-plugin-svelte] src/lib/components/Switch.svelte:149:4 Non-interactive element `<label>` should not be assigned mouse or keyboard event listeners
https://svelte.dev/e/a11y_no_noninteractive_element_interactions
147:     <div class="flex flex-col">
148:       {#if label}
149:         <label
                   ^
150:           id={labelId}
151:           class="text-sm font-medium text-white cursor-pointer"
3:19:18 PM [vite-plugin-svelte] src/lib/components/Toast.svelte:44:5 `toastElement` is updated, but is not declared with `$state(...)`. Changing its value will not correctly trigger updates
https://svelte.dev/e/non_reactive_update
42:   }: Props = $props();
43: 
44:   let toastElement: HTMLDivElement;
                                      ^
45:   let timeoutId: NodeJS.Timeout | null = null;
46: 
3:19:18 PM [vite-plugin-svelte] src/lib/components/Slider.svelte:116:2 This reference only captures the initial value of `isDragging`. Did you mean to reference it inside a closure instead?
https://svelte.dev/e/state_referenced_locally
114:     variants[variant].thumb,
115:     disabled && 'cursor-not-allowed hover:scale-100 active:scale-100',
116:     isDragging && 'scale-110',
                   ^
117:     isFocused && 'ring-2 ring-blue-400/50'
118:   );
3:19:18 PM [vite-plugin-svelte] src/lib/components/Slider.svelte:117:2 This reference only captures the initial value of `isFocused`. Did you mean to reference it inside a closure instead?
https://svelte.dev/e/state_referenced_locally
115:     disabled && 'cursor-not-allowed hover:scale-100 active:scale-100',
116:     isDragging && 'scale-110',
117:     isFocused && 'ring-2 ring-blue-400/50'
                  ^
118:   );
119: 
3:19:18 PM [vite-plugin-svelte] src/lib/components/Slider.svelte:213:2 A form label must be associated with a control
https://svelte.dev/e/a11y_label_has_associated_control
211: <div class="w-full space-y-2">
212:   {#if label}
213:     <label class="block text-sm font-medium text-white" class:opacity-50={disabled}>
                 ^
214:       {label}
215:       {#if showValue}
3:19:18 PM [vite-plugin-svelte] src/lib/components/Progress.svelte:100:43 This reference only captures the initial value of `percentage`. Did you mean to reference it inside a closure instead?
https://svelte.dev/e/state_referenced_locally
 98:   const circumference = 2 * Math.PI * radius;
 99:   const strokeDasharray = circumference;
100:   const strokeDashoffset = circumference - (percentage / 100) * circumference;
                                                           ^
101: 
102:   // Track bundle size
3:19:18 PM [vite-plugin-svelte] src/lib/components/Progress.svelte:111:3 A form label must be associated with a control
https://svelte.dev/e/a11y_label_has_associated_control
109:   {#if label}
110:     <div class="flex justify-between items-center">
111:       <label class="text-sm font-medium text-white">
                   ^
112:         {label}
113:       </label>
3:19:18 PM [vite-plugin-svelte] src/lib/components/Select.svelte:207:1 A form label must be associated with a control
https://svelte.dev/e/a11y_label_has_associated_control
205: 
206: {#if label}
207:   <label id={labelId} class="block text-sm font-medium text-white/80 mb-2">
               ^
208:     {label}
209:   </label>
3:19:18 PM [vite-plugin-svelte] src/lib/components/Select.svelte:252:3 Visible, non-interactive elements with a click event must be accompanied by a keyboard event handler. Consider whether an interactive element such as `<button type="button">` or `<a>` might be more appropriate
https://svelte.dev/e/a11y_click_events_have_key_events
250:   >
251:     {#each options as option, index}
252:       <li
              ^
253:         id={`${uniqueId}-option-${index}`}
254:         class={cn(
3:19:18 PM [vite-plugin-svelte] src/lib/components/Select.svelte:48:5 `listboxElement` is updated, but is not declared with `$state(...)`. Changing its value will not correctly trigger updates
https://svelte.dev/e/non_reactive_update
46:   let isOpen = $state(false);
47:   let selectElement: HTMLDivElement;
48:   let listboxElement: HTMLUListElement;
                                          ^
49:   let activeIndex = $state(-1);
50: 
3:19:18 PM [vite-plugin-svelte] src/lib/components/DatePicker.svelte:46:5 `calendarRef` is updated, but is not declared with `$state(...)`. Changing its value will not correctly trigger updates
https://svelte.dev/e/non_reactive_update
44: 
45:   let inputRef: HTMLInputElement;
46:   let calendarRef: HTMLDivElement;
                                     ^
47:   let isOpen = $state(false);
48:   let inputValue = $state('');
3:19:18 PM [vite-plugin-svelte] src/lib/components/FileUpload.svelte:330:0 Visible, non-interactive elements with a click event must be accompanied by a keyboard event handler. Consider whether an interactive element such as `<button type="button">` or `<a>` might be more appropriate
https://svelte.dev/e/a11y_click_events_have_key_events
328: 
329: <!-- Drop zone -->
330: <div
         ^
331:   bind:this={dropZoneRef}
332:   class={combinedClasses}
3:19:18 PM [vite-plugin-svelte] src/lib/components/MultiSelect.svelte:363:5 Elements with the 'option' interactive role must have a tabindex value
https://svelte.dev/e/a11y_interactive_supports_focus
361:           {@const isSelected = selectedValues.includes(option.value)}
362:           
363:           <div
                   ^
364:             onclick={() => handleOptionSelect(option)}
365:             class="cursor-pointer transition-all duration-150 {currentSize.option}
3:19:18 PM [vite-plugin-svelte] src/lib/components/MultiSelect.svelte:363:5 Visible, non-interactive elements with a click event must be accompanied by a keyboard event handler. Consider whether an interactive element such as `<button type="button">` or `<a>` might be more appropriate
https://svelte.dev/e/a11y_click_events_have_key_events
361:           {@const isSelected = selectedValues.includes(option.value)}
362:           
363:           <div
                   ^
364:             onclick={() => handleOptionSelect(option)}
365:             class="cursor-pointer transition-all duration-150 {currentSize.option}
3:19:18 PM [vite-plugin-svelte] src/lib/components/MultiSelect.svelte:56:5 `searchInputRef` is updated, but is not declared with `$state(...)`. Changing its value will not correctly trigger updates
https://svelte.dev/e/non_reactive_update
54: 
55:   let containerRef: HTMLDivElement;
56:   let searchInputRef: HTMLInputElement;
                                          ^
57:   let dropdownRef: HTMLDivElement;
58:   let isOpen = $state(false);
3:19:18 PM [vite-plugin-svelte] src/lib/components/MultiSelect.svelte:57:5 `dropdownRef` is updated, but is not declared with `$state(...)`. Changing its value will not correctly trigger updates
https://svelte.dev/e/non_reactive_update
55:   let containerRef: HTMLDivElement;
56:   let searchInputRef: HTMLInputElement;
57:   let dropdownRef: HTMLDivElement;
                                     ^
58:   let isOpen = $state(false);
59:   let searchTerm = $state('');
3:19:18 PM [vite-plugin-svelte] src/lib/components/Navbar.svelte:189:1 Redundant role 'navigation'
https://svelte.dev/e/a11y_no_redundant_roles
187:   bind:this={navRef}
188:   class={navClasses}
189:   role="navigation"
                        ^
190:   aria-label="Main navigation"
191:   use:liquidBlur={backdrop ? { blur: 'xl', opacity: 'medium' } : undefined}
3:19:18 PM [vite-plugin-svelte] src/lib/components/List.svelte:283:4 Visible, non-interactive elements with a click event must be accompanied by a keyboard event handler. Consider whether an interactive element such as `<button type="button">` or `<a>` might be more appropriate
https://svelte.dev/e/a11y_click_events_have_key_events
281:       {#each items as item, index (item.id)}
282:         {@const isSelected = currentSelectedItems.has(item.id)}
283:         <div
                 ^
284:           class={cn(
285:             currentSize.item,
3:19:18 PM [vite-plugin-svelte] src/lib/components/List.svelte:283:4 noninteractive element cannot have nonnegative tabIndex value
https://svelte.dev/e/a11y_no_noninteractive_tabindex
281:       {#each items as item, index (item.id)}
282:         {@const isSelected = currentSelectedItems.has(item.id)}
283:         <div
                 ^
284:           class={cn(
285:             currentSize.item,
3:19:18 PM [vite-plugin-svelte] src/lib/components/List.svelte:296:5 The attribute 'aria-selected' is not supported by the role 'listitem'
https://svelte.dev/e/a11y_role_supports_aria_props
294:           role="listitem"
295:           tabindex={item.disabled ? -1 : 0}
296:           aria-selected={selectable ? isSelected : undefined}
                                                                  ^
297:           aria-pressed={selectable ? isSelected : undefined}
298:           aria-label={item.title}
3:19:18 PM [vite-plugin-svelte] src/lib/components/List.svelte:297:5 The attribute 'aria-pressed' is not supported by the role 'listitem'
https://svelte.dev/e/a11y_role_supports_aria_props
295:           tabindex={item.disabled ? -1 : 0}
296:           aria-selected={selectable ? isSelected : undefined}
297:           aria-pressed={selectable ? isSelected : undefined}
                                                                 ^
298:           aria-label={item.title}
299:           aria-describedby={item.description ? `item-${item.id}-description` : undefined}
3:19:18 PM [vite-plugin-svelte] src/lib/components/List.svelte:283:4 Non-interactive element `<div>` should not be assigned mouse or keyboard event listeners
https://svelte.dev/e/a11y_no_noninteractive_element_interactions
281:       {#each items as item, index (item.id)}
282:         {@const isSelected = currentSelectedItems.has(item.id)}
283:         <div
                 ^
284:           class={cn(
285:             currentSize.item,
3:19:18 PM [vite-plugin-svelte] src/lib/components/Table.svelte:215:29 Redundant role 'table'
https://svelte.dev/e/a11y_no_redundant_roles
213: 
214: <div class={containerClasses}>
215:   <table class={tableClasses} role="table">
                                               ^
216:     <caption class="sr-only">
217:       Data table with {data.length} rows and {columns.length} columns
3:19:18 PM [vite-plugin-svelte] src/lib/components/DataGrid.svelte:551:11 Avoid using autofocus
https://svelte.dev/e/a11y_autofocus
549:                       bind:value={editingValue}
550:                       class="w-full bg-transparent border border-blue-500 rounded px-2 py-1"
551:                       autofocus
                                    ^
552:                       onkeydown={(e) => {
553:                         if (e.key === 'Enter') saveEdit();
3:19:18 PM [vite-plugin-svelte] src/lib/components/AdvancedTerminal.svelte:45:5 `canvasRef` is updated, but is not declared with `$state(...)`. Changing its value will not correctly trigger updates
https://svelte.dev/e/non_reactive_update
43: 
44:   let terminalRef: HTMLDivElement;
45:   let canvasRef: HTMLCanvasElement;
                                      ^
46:   let inputValue = $state('');
47:   let history = $state<Array<{ command: string; output: string; timestamp: Date }>>([]);
3:19:18 PM [vite-plugin-svelte] src/lib/components/AdvancedLiquidTerminal.svelte:247:3 Buttons and links should either contain text or have an `aria-label` or `aria-labelledby` attribute
https://svelte.dev/e/a11y_consider_explicit_label
245:   ">
246:     <div class="traffic-lights" style="display: flex; gap: 8px;">
247:       <button
                  ^
248:         class="traffic-light close"
249:         onclick={() => handleControlClick('close')}
3:19:18 PM [vite-plugin-svelte] src/lib/components/AdvancedLiquidTerminal.svelte:271:3 Buttons and links should either contain text or have an `aria-label` or `aria-labelledby` attribute
https://svelte.dev/e/a11y_consider_explicit_label
269:         }}
270:       ></button>
271:       <button
                  ^
272:         class="traffic-light minimize"
273:         onclick={() => handleControlClick('minimize')}
3:19:18 PM [vite-plugin-svelte] src/lib/components/AdvancedLiquidTerminal.svelte:294:3 Buttons and links should either contain text or have an `aria-label` or `aria-labelledby` attribute
https://svelte.dev/e/a11y_consider_explicit_label
292:         }}
293:       ></button>
294:       <button
                  ^
295:         class="traffic-light maximize"
296:         onclick={() => handleControlClick('maximize')}
3:19:18 PM [vite-plugin-svelte] src/lib/components/AdvancedLiquidTerminal.svelte:37:5 `currentInput` is updated, but is not declared with `$state(...)`. Changing its value will not correctly trigger updates
https://svelte.dev/e/non_reactive_update
35:   let inputRef: HTMLInputElement;
36:   let outputContainer: HTMLDivElement;
37:   let currentInput = '';
                      ^
38:   const commandHistory: string[] = [];
39:   let historyIndex = -1;
3:19:18 PM [vite-plugin-svelte] src/lib/components/AdvancedLiquidTerminal.svelte:41:5 `isTyping` is updated, but is not declared with `$state(...)`. Changing its value will not correctly trigger updates
https://svelte.dev/e/non_reactive_update
39:   let historyIndex = -1;
40:   let currentCommandIndex = 0;
41:   let isTyping = false;
                  ^
42: 
43:   const variants = {
3:19:18 PM [vite-plugin-svelte] src/lib/components/LiquidTerminal.svelte:529:0 `<div>` with a mousemove handler must have an ARIA role
https://svelte.dev/e/a11y_no_static_element_interactions
527: <svelte:window on:resize={resizeCanvases} />
528: 
529: <div 
          ^
530:   class={cn(
531:     'relative overflow-hidden rounded-2xl backdrop-blur-xl transition-all duration-500',
3:19:18 PM [vite-plugin-svelte] src/lib/components/LiquidTerminal.svelte:125:5 `liquidCanvasRef` is updated, but is not declared with `$state(...)`. Changing its value will not correctly trigger updates
https://svelte.dev/e/non_reactive_update
123: 
124:   let terminalRef: HTMLDivElement;
125:   let liquidCanvasRef: HTMLCanvasElement;
                                             ^
126:   let particleCanvasRef: HTMLCanvasElement;
127:   let waveformCanvasRef: HTMLCanvasElement;
3:19:18 PM [vite-plugin-svelte] src/lib/components/AICommandSuggestions.svelte:316:5 Visible, non-interactive elements with a click event must be accompanied by a keyboard event handler. Consider whether an interactive element such as `<button type="button">` or `<a>` might be more appropriate
https://svelte.dev/e/a11y_click_events_have_key_events
314:       <div class="space-y-2">
315:         {#each $aiSuggestions as suggestion, index (suggestion.command)}
316:           <div 
                    ^
317:             class={cn(
318:               'p-3 rounded-lg cursor-pointer transition-all duration-200',
3:19:18 PM [vite-plugin-svelte] src/lib/components/AICommandSuggestions.svelte:316:5 `<div>` with a click handler must have an ARIA role
https://svelte.dev/e/a11y_no_static_element_interactions
314:       <div class="space-y-2">
315:         {#each $aiSuggestions as suggestion, index (suggestion.command)}
316:           <div 
                    ^
317:             class={cn(
318:               'p-3 rounded-lg cursor-pointer transition-all duration-200',
3:19:18 PM [vite-plugin-svelte] src/lib/components/CommandBlock.svelte:223:0 Visible, non-interactive elements with a click event must be accompanied by a keyboard event handler. Consider whether an interactive element such as `<button type="button">` or `<a>` might be more appropriate
https://svelte.dev/e/a11y_click_events_have_key_events
221: </script>
222: 
223: <div 
          ^
224:   bind:this={blockRef}
225:   class={cn(
3:19:18 PM [vite-plugin-svelte] src/lib/components/CommandBlock.svelte:223:0 `<div>` with a mouseenter, mouseleave or click handler must have an ARIA role
https://svelte.dev/e/a11y_no_static_element_interactions
221: </script>
222: 
223: <div 
          ^
224:   bind:this={blockRef}
225:   class={cn(
3:19:18 PM [vite-plugin-svelte] src/lib/components/CodeHighlight.svelte:194:1 Unused CSS selector "pre.line-numbers"
https://svelte.dev/e/css_unused_selector
192:   
193:   /* Line numbers (optional) */
194:   pre.line-numbers {
                       ^
195:     counter-reset: line;
196:   }
3:19:18 PM [vite-plugin-svelte] src/lib/components/CodeHighlight.svelte:198:1 Unused CSS selector "pre.line-numbers code"
https://svelte.dev/e/css_unused_selector
196:   }
197:   
198:   pre.line-numbers code {
                            ^
199:     counter-increment: line;
200:   }
3:19:18 PM [vite-plugin-svelte] src/lib/components/CodeHighlight.svelte:202:1 Unused CSS selector "pre.line-numbers code::before"
https://svelte.dev/e/css_unused_selector
200:   }
201:   
202:   pre.line-numbers code::before {
                                    ^
203:     content: counter(line);
204:     display: inline-block;
3:19:18 PM [vite-plugin-svelte] src/lib/components/BrandStyleguide.svelte:291:7 Visible, non-interactive elements with a click event must be accompanied by a keyboard event handler. Consider whether an interactive element such as `<button type="button">` or `<a>` might be more appropriate
https://svelte.dev/e/a11y_click_events_have_key_events
289:           <div style="display: grid; grid-template-columns: repeat(auto-fill, minmax(280px, 1fr)); gap: 20px;">
290:             {#each generateColorPalette() as colorItem}
291:               <div 
                        ^
292:                 class="color-card"
293:                 style="
3:19:18 PM [vite-plugin-svelte] src/lib/components/BrandStyleguide.svelte:291:7 `<div>` with a click, mouseenter or mouseleave handler must have an ARIA role
https://svelte.dev/e/a11y_no_static_element_interactions
289:           <div style="display: grid; grid-template-columns: repeat(auto-fill, minmax(280px, 1fr)); gap: 20px;">
290:             {#each generateColorPalette() as colorItem}
291:               <div 
                        ^
292:                 class="color-card"
293:                 style="
3:19:18 PM [vite-plugin-svelte] src/lib/components/BrandStyleguide.svelte:546:6 A form label must be associated with a control
https://svelte.dev/e/a11y_label_has_associated_control
544:           
545:           <div style="margin-top: 30px; display: flex; gap: 20px; align-items: center;">
546:             <label style="
                         ^
547:               color: {brandColors.text.primary};
548:               font-family: 'PP Supply Mono', monospace;

/fonts/PPSupply-Sans.woff2 referenced in /fonts/PPSupply-Sans.woff2 didn't resolve at build time, it will remain unchanged to be resolved at runtime

/fonts/PPSupply-Sans-Medium.woff2 referenced in /fonts/PPSupply-Sans-Medium.woff2 didn't resolve at build time, it will remain unchanged to be resolved at runtime

/fonts/PPSupply-Sans-Bold.woff2 referenced in /fonts/PPSupply-Sans-Bold.woff2 didn't resolve at build time, it will remain unchanged to be resolved at runtime

/fonts/PPSupply-Mono.woff2 referenced in /fonts/PPSupply-Mono.woff2 didn't resolve at build time, it will remain unchanged to be resolved at runtime

/fonts/PPSupply-Mono-Medium.woff2 referenced in /fonts/PPSupply-Mono-Medium.woff2 didn't resolve at build time, it will remain unchanged to be resolved at runtime

/fonts/PPSupply-Mono-Bold.woff2 referenced in /fonts/PPSupply-Mono-Bold.woff2 didn't resolve at build time, it will remain unchanged to be resolved at runtime

/fonts/PPSupply-Sans.woff referenced in /fonts/PPSupply-Sans.woff didn't resolve at build time, it will remain unchanged to be resolved at runtime

/fonts/PPSupply-Sans-Medium.woff referenced in /fonts/PPSupply-Sans-Medium.woff didn't resolve at build time, it will remain unchanged to be resolved at runtime

/fonts/PPSupply-Sans-Bold.woff referenced in /fonts/PPSupply-Sans-Bold.woff didn't resolve at build time, it will remain unchanged to be resolved at runtime

/fonts/PPSupply-Mono.woff referenced in /fonts/PPSupply-Mono.woff didn't resolve at build time, it will remain unchanged to be resolved at runtime

/fonts/PPSupply-Mono-Medium.woff referenced in /fonts/PPSupply-Mono-Medium.woff didn't resolve at build time, it will remain unchanged to be resolved at runtime

/fonts/PPSupply-Mono-Bold.woff referenced in /fonts/PPSupply-Mono-Bold.woff didn't resolve at build time, it will remain unchanged to be resolved at runtime
[vite:css][postcss] @import must precede all other statements (besides @charset or empty @layer)
20 |  
21 |  /* SF Pro Display Font */
22 |  @import url('https://fonts.googleapis.com/css2?family=SF+Pro+Display:wght@100;200;300;400;500;600;700;800;900&display=swap');
   |  ^^^^^^^^^^^^^^^^^^^^^^^^^^^^^^^^^^^^^^^^^^^^^^^^^^^^^^^^^^^^^^^^^^^^^^^^^^^^^^^^^^^^^^^^^^^^^^^^^^^^^^^^^^^^^^^^^^^^^^^^^^^^^
23 |  
24 |  /* PP Supply Sans & Mono Fonts */
3:19:19 PM [vite-plugin-svelte] src/lib/components/webgl/AdvancedLiquidGlassScene.svelte:184:0 `<div>` with a mousemove handler must have an ARIA role
https://svelte.dev/e/a11y_no_static_element_interactions
182: </script>
183: 
184: <div 
          ^
185:   class={className}
186:   style="width: {width}px; height: {height}px;"
3:19:19 PM [vite-plugin-svelte] src/lib/components/webgl/AdvancedLiquidGlassScene.svelte:107:5 `centralSphereRef` is updated, but is not declared with `$state(...)`. Changing its value will not correctly trigger updates
https://svelte.dev/e/non_reactive_update
105: 
106:   // Mesh references
107:   let centralSphereRef: any;
                                ^
108:   const orbitalShapesRefs: any[] = [];
109: 
3:19:19 PM [vite-plugin-svelte] src/lib/components/webgl/LiquidGlassShader.svelte:33:5 `meshRef` is updated, but is not declared with `$state(...)`. Changing its value will not correctly trigger updates
https://svelte.dev/e/non_reactive_update
31:   const { scene, renderer, camera } = useThrelte();
32: 
33:   let meshRef: THREE.Mesh;
                             ^
34:   let materialRef: THREE.ShaderMaterial;
35:   let time = $state(0);
3:19:19 PM [vite-plugin-svelte] src/lib/components/webgl/LiquidGlassShader.svelte:34:5 `materialRef` is updated, but is not declared with `$state(...)`. Changing its value will not correctly trigger updates
https://svelte.dev/e/non_reactive_update
32: 
33:   let meshRef: THREE.Mesh;
34:   let materialRef: THREE.ShaderMaterial;
                                           ^
35:   let time = $state(0);
36: 
3:19:19 PM [vite-plugin-svelte] src/lib/components/webgl/LiquidParticleSystem.svelte:31:5 `particleSystemRef` is updated, but is not declared with `$state(...)`. Changing its value will not correctly trigger updates
https://svelte.dev/e/non_reactive_update
29:   const { scene, renderer, camera } = useThrelte();
30: 
31:   let particleSystemRef: THREE.Points;
                                         ^
32:   let materialRef: THREE.ShaderMaterial;
33:   let geometryRef: THREE.BufferGeometry;
3:19:19 PM [vite-plugin-svelte] src/lib/components/webgl/LiquidParticleSystem.svelte:32:5 `materialRef` is updated, but is not declared with `$state(...)`. Changing its value will not correctly trigger updates
https://svelte.dev/e/non_reactive_update
30: 
31:   let particleSystemRef: THREE.Points;
32:   let materialRef: THREE.ShaderMaterial;
                                           ^
33:   let geometryRef: THREE.BufferGeometry;
34:   let time = $state(0);
3:19:19 PM [vite-plugin-svelte] src/lib/components/webgl/LiquidParticleSystem.svelte:33:5 `geometryRef` is updated, but is not declared with `$state(...)`. Changing its value will not correctly trigger updates
https://svelte.dev/e/non_reactive_update
31:   let particleSystemRef: THREE.Points;
32:   let materialRef: THREE.ShaderMaterial;
33:   let geometryRef: THREE.BufferGeometry;
                                           ^
34:   let time = $state(0);
35:   let mousePosition = $state({ x: 0, y: 0 });
3:19:19 PM [vite-plugin-svelte] src/lib/components/webgl/LiquidGlassScene.svelte:98:2 Self-closing HTML tags for non-void elements are ambiguous — use `<ambientLight ...></ambientLight>` rather than `<ambientLight ... />`
https://svelte.dev/e/element_invalid_self_closing_tag
 96:     
 97:     <!-- Ambient light for glass effects -->
 98:     <ambientLight intensity={0.3} />
                                         ^
 99:     
100:     <!-- Point light for liquid highlights -->
3:19:19 PM [vite-plugin-svelte] src/lib/components/webgl/LiquidGlassScene.svelte:101:2 Self-closing HTML tags for non-void elements are ambiguous — use `<pointLight ...></pointLight>` rather than `<pointLight ... />`
https://svelte.dev/e/element_invalid_self_closing_tag
 99:     
100:     <!-- Point light for liquid highlights -->
101:     <pointLight 
           ^
102:       position={[5, 5, 5]} 
103:       intensity={glowIntensity} 
3:19:19 PM [vite-plugin-svelte] src/lib/components/webgl/LiquidGlassScene.svelte:109:2 Self-closing HTML tags for non-void elements are ambiguous — use `<pointLight ...></pointLight>` rather than `<pointLight ... />`
https://svelte.dev/e/element_invalid_self_closing_tag
107:     
108:     <!-- Rim light for glass edges -->
109:     <pointLight 
           ^
110:       position={[-5, -5, 5]} 
111:       intensity={glowIntensity * 0.7} 
3:19:19 PM [vite-plugin-svelte] src/lib/components/liquidify/GlassModal.svelte:29:5 `modalRef` is updated, but is not declared with `$state(...)`. Changing its value will not correctly trigger updates
https://svelte.dev/e/non_reactive_update
27:   const dispatch = createEventDispatcher();
28: 
29:   let modalRef: HTMLDivElement;
                                  ^
30:   let backdropRef: HTMLDivElement;
31: 
3:19:19 PM [vite-plugin-svelte] src/lib/components/liquidify/GlassModal.svelte:30:5 `backdropRef` is updated, but is not declared with `$state(...)`. Changing its value will not correctly trigger updates
https://svelte.dev/e/non_reactive_update
28: 
29:   let modalRef: HTMLDivElement;
30:   let backdropRef: HTMLDivElement;
                                     ^
31: 
32:   const handleClose = () => {
3:19:19 PM [vite-plugin-svelte] src/lib/components/webgl/ParticleSystem.svelte:24:5 `particlesRef` is updated, but is not declared with `$state(...)`. Changing its value will not correctly trigger updates
https://svelte.dev/e/non_reactive_update
22:   }: Props = $props();
23: 
24:   let particlesRef: THREE.Points;
                                    ^
25:   let material: THREE.ShaderMaterial;
26:   let geometry: THREE.BufferGeometry;
3:19:19 PM [vite-plugin-svelte] src/lib/components/webgl/ParticleSystem.svelte:25:5 `material` is updated, but is not declared with `$state(...)`. Changing its value will not correctly trigger updates
https://svelte.dev/e/non_reactive_update
23: 
24:   let particlesRef: THREE.Points;
25:   let material: THREE.ShaderMaterial;
                                        ^
26:   let geometry: THREE.BufferGeometry;
27: 
3:19:19 PM [vite-plugin-svelte] src/lib/components/webgl/ParticleSystem.svelte:26:5 `geometry` is updated, but is not declared with `$state(...)`. Changing its value will not correctly trigger updates
https://svelte.dev/e/non_reactive_update
24:   let particlesRef: THREE.Points;
25:   let material: THREE.ShaderMaterial;
26:   let geometry: THREE.BufferGeometry;
                                        ^
27: 
28:   const vertexShader = `
3:19:19 PM [vite-plugin-svelte] src/lib/components/webgl/LiquidPlane.svelte:26:5 `planeRef` is updated, but is not declared with `$state(...)`. Changing its value will not correctly trigger updates
https://svelte.dev/e/non_reactive_update
24:   }: Props = $props();
25: 
26:   let planeRef: THREE.Mesh;
                              ^
27:   let material: THREE.ShaderMaterial;
28: 
3:19:19 PM [vite-plugin-svelte] src/lib/components/webgl/LiquidPlane.svelte:27:5 `material` is updated, but is not declared with `$state(...)`. Changing its value will not correctly trigger updates
https://svelte.dev/e/non_reactive_update
25: 
26:   let planeRef: THREE.Mesh;
27:   let material: THREE.ShaderMaterial;
                                        ^
28: 
29:   const vertexShader = `
3:19:19 PM [vite-plugin-svelte] src/lib/components/webgl/LiquidSphere.svelte:26:5 `sphereRef` is updated, but is not declared with `$state(...)`. Changing its value will not correctly trigger updates
https://svelte.dev/e/non_reactive_update
24:   }: Props = $props();
25: 
26:   let sphereRef: THREE.Mesh;
                               ^
27:   let material: THREE.ShaderMaterial;
28: 
3:19:19 PM [vite-plugin-svelte] src/lib/components/webgl/LiquidSphere.svelte:27:5 `material` is updated, but is not declared with `$state(...)`. Changing its value will not correctly trigger updates
https://svelte.dev/e/non_reactive_update
25: 
26:   let sphereRef: THREE.Mesh;
27:   let material: THREE.ShaderMaterial;
                                        ^
28: 
29:   const vertexShader = `
"Camera", "SpriteMaterial", "Texture", "EquirectangularReflectionMapping", "ReplaceStencilOp" and "AlwaysStencilFunc" are imported from external module "three" but never used in "src/lib/components/webgl/LiquidGlassShader.svelte", "src/lib/components/webgl/LiquidParticleSystem.svelte", "src/lib/components/GlassScene.svelte", "src/lib/components/webgl/AdvancedLiquidGlassScene.svelte", "src/lib/components/webgl/ParticleSystem.svelte", "src/lib/components/webgl/LiquidPlane.svelte", "src/lib/components/webgl/LiquidSphere.svelte", "node_modules/@threlte/core/dist/context/fragments/scene.js", "node_modules/@threlte/core/dist/context/fragments/camera.js", "node_modules/@threlte/core/dist/context/compounds/useThrelte.js", "node_modules/@threlte/core/dist/context/fragments/renderer.svelte.js", "node_modules/@threlte/extras/dist/hooks/useGltfAnimations.js", "node_modules/@threlte/extras/dist/hooks/useTexture.js", "node_modules/@threlte/extras/dist/hooks/useFBO.js", "node_modules/@threlte/extras/dist/hooks/useViewport.js", "node_modules/@threlte/extras/dist/hooks/useMask.js", "node_modules/@threlte/extras/dist/utilities/meshBounds.js", "node_modules/@threlte/extras/dist/components/InstancedSprite/instancedSpriteUtils.js", "node_modules/@threlte/extras/dist/components/Decal/Decal.svelte", "node_modules/@threlte/extras/dist/components/CameraControls/CameraControls.svelte", "node_modules/@threlte/extras/dist/components/Float/Float.svelte", "node_modules/@threlte/extras/dist/components/AnimatedSpriteMaterial/AnimatedSpriteMaterial.svelte", "node_modules/@threlte/extras/dist/components/Edges/Edges.svelte", "node_modules/@threlte/extras/dist/components/ContactShadows/ContactShadows.svelte", "node_modules/@threlte/extras/dist/components/Gizmo/Gizmo.svelte", "node_modules/@threlte/extras/dist/components/RoundedBoxGeometry/RoundedBoxGeometry.svelte", "node_modules/@threlte/extras/dist/components/SoftShadows/SoftShadows.svelte", "node_modules/@threlte/extras/dist/components/MeshLine/MeshLineGeometry.svelte", "node_modules/@threlte/extras/dist/components/Sky/Sky.svelte", "node_modules/@threlte/extras/dist/components/Billboard/Billboard.svelte", "node_modules/@threlte/extras/dist/components/Mask/Mask.svelte", "node_modules/@threlte/extras/dist/components/Svg/Svg.svelte", "node_modules/@threlte/extras/dist/components/Detailed/Detailed.svelte", "node_modules/@threlte/extras/dist/audio/AudioListener/AudioListener.svelte", "node_modules/@threlte/extras/dist/hooks/useProgress.js", "node_modules/@threlte/extras/dist/suspense/Suspense.svelte", "node_modules/@threlte/extras/dist/components/HTML/utils.js", "node_modules/@threlte/extras/dist/components/HTML/HTML.svelte", "node_modules/@threlte/extras/dist/components/CubeCamera/CubeCamera.svelte", "node_modules/@threlte/extras/dist/hooks/useCubeCamera.svelte.js", "node_modules/@threlte/extras/dist/components/environment/Environment/Environment.svelte", "node_modules/@threlte/extras/dist/components/environment/CubeEnvironment/CubeEnvironment.svelte", "node_modules/@threlte/extras/dist/components/Grid/Grid.svelte", "node_modules/@threlte/extras/dist/components/controls/TransformControls/TransformControls.svelte", "node_modules/@threlte/extras/dist/components/Instancing/PositionMesh.js", "node_modules/@threlte/extras/dist/components/ImageMaterial/ImageMaterial.svelte", "node_modules/@threlte/extras/dist/components/Instancing/Api.svelte", "node_modules/@threlte/extras/dist/components/Instancing/InstancedMesh.svelte", "node_modules/@threlte/extras/dist/components/MeshLine/vertex.js", "node_modules/@threlte/extras/dist/components/MeshLine/MeshLineMaterial.svelte", "node_modules/@threlte/core/dist/utilities/revision.js", "node_modules/@threlte/extras/dist/components/Outlines/Outlines.svelte", "node_modules/@threlte/extras/dist/components/Stars/fragment.js", "node_modules/@threlte/extras/dist/components/Stars/Stars.svelte", "node_modules/@threlte/extras/dist/components/GradientTexture/radial/RadialGradientTexture.svelte", "node_modules/@threlte/extras/dist/components/GradientTexture/common.js", "node_modules/@threlte/extras/dist/components/GradientTexture/linear/LinearGradientTexture.svelte", "node_modules/@threlte/extras/dist/components/MeshRefractionMaterial/fragment.js", "node_modules/@threlte/extras/dist/components/MeshRefractionMaterial/MeshRefractionMaterial.svelte", "node_modules/@threlte/extras/dist/components/FakeGlowMaterial/fragment.js", "node_modules/@threlte/extras/dist/audio/PositionalAudio/PositionalAudio.svelte", "node_modules/@threlte/extras/dist/audio/utils/useAudio.js", "node_modules/@threlte/extras/dist/audio/Audio/Audio.svelte", "node_modules/@threlte/extras/dist/components/Resize/Resize.svelte", "node_modules/@threlte/extras/dist/components/Align/Align.svelte", "node_modules/@threlte/extras/dist/components/portals/Portal.svelte", "node_modules/@threlte/extras/dist/components/InstancedSprite/InstancedSprite.svelte", "node_modules/@threlte/extras/dist/components/FakeGlowMaterial/FakeGlowMaterial.svelte", "node_modules/@threlte/core/dist/components/T/T.js", "node_modules/@threlte/extras/dist/components/View/InnerView.svelte", "node_modules/@threlte/extras/dist/interactivity/context.js" and "src/lib/components/TerminalOrbit.svelte".
"DecalGeometry" is imported from external module "three/examples/jsm/geometries/DecalGeometry.js" but never used in "node_modules/@threlte/extras/dist/components/Decal/Decal.svelte".
"ThreePerf" is imported from external module "three-perf" but never used in "node_modules/@threlte/extras/dist/components/PerfMonitor/PerfMonitor.svelte".
"preloadFont" is imported from external module "troika-three-text" but never used in "node_modules/@threlte/extras/dist/components/Text/Text.svelte".
✓ 3928 modules transformed.
rendering chunks...
vite v6.3.5 building for production...
transforming...
3:19:22 PM [vite-plugin-svelte] src/routes/showcase/+page.svelte:363:1 Unused CSS selector ".section-padding"
https://svelte.dev/e/css_unused_selector
361:   }
362: 
363:   .section-padding {
                       ^
364:     padding: 40px 20px 60px 20px;
365:   }
3:19:22 PM [vite-plugin-svelte] src/routes/showcase/+page.svelte:368:2 Unused CSS selector ".section-padding"
https://svelte.dev/e/css_unused_selector
366: 
367:   @media (min-width: 640px) {
368:     .section-padding {
                         ^
369:       padding: 60px 30px 80px 30px;
370:     }
3:19:22 PM [vite-plugin-svelte] src/routes/showcase/+page.svelte:374:2 Unused CSS selector ".section-padding"
https://svelte.dev/e/css_unused_selector
372: 
373:   @media (min-width: 768px) {
374:     .section-padding {
                         ^
375:       padding: 80px 40px 100px 40px;
376:     }
3:19:22 PM [vite-plugin-svelte] src/routes/showcase/+page.svelte:380:2 Unused CSS selector ".section-padding"
https://svelte.dev/e/css_unused_selector
378: 
379:   @media (min-width: 1024px) {
380:     .section-padding {
                         ^
381:       padding: 100px 40px;
382:     }
3:19:22 PM [vite-plugin-svelte] src/lib/components/CodeHighlight.svelte:194:1 Unused CSS selector "pre.line-numbers"
https://svelte.dev/e/css_unused_selector
192:   
193:   /* Line numbers (optional) */
194:   pre.line-numbers {
                       ^
195:     counter-reset: line;
196:   }
3:19:22 PM [vite-plugin-svelte] src/lib/components/CodeHighlight.svelte:198:1 Unused CSS selector "pre.line-numbers code"
https://svelte.dev/e/css_unused_selector
196:   }
197:   
198:   pre.line-numbers code {
                            ^
199:     counter-increment: line;
200:   }
3:19:22 PM [vite-plugin-svelte] src/lib/components/CodeHighlight.svelte:202:1 Unused CSS selector "pre.line-numbers code::before"
https://svelte.dev/e/css_unused_selector
200:   }
201:   
202:   pre.line-numbers code::before {
                                    ^
203:     content: counter(line);
204:     display: inline-block;
3:19:22 PM [vite-plugin-svelte] src/lib/components/webgl/AdvancedLiquidGlassScene.svelte:184:0 `<div>` with a mousemove handler must have an ARIA role
https://svelte.dev/e/a11y_no_static_element_interactions
182: </script>
183: 
184: <div 
          ^
185:   class={className}
186:   style="width: {width}px; height: {height}px;"
3:19:22 PM [vite-plugin-svelte] src/lib/components/webgl/AdvancedLiquidGlassScene.svelte:107:5 `centralSphereRef` is updated, but is not declared with `$state(...)`. Changing its value will not correctly trigger updates
https://svelte.dev/e/non_reactive_update
105: 
106:   // Mesh references
107:   let centralSphereRef: any;
                                ^
108:   const orbitalShapesRefs: any[] = [];
109: 

/fonts/PPSupply-Sans.woff2 referenced in /fonts/PPSupply-Sans.woff2 didn't resolve at build time, it will remain unchanged to be resolved at runtime

/fonts/PPSupply-Sans-Medium.woff2 referenced in /fonts/PPSupply-Sans-Medium.woff2 didn't resolve at build time, it will remain unchanged to be resolved at runtime

/fonts/PPSupply-Sans-Bold.woff2 referenced in /fonts/PPSupply-Sans-Bold.woff2 didn't resolve at build time, it will remain unchanged to be resolved at runtime

/fonts/PPSupply-Mono.woff2 referenced in /fonts/PPSupply-Mono.woff2 didn't resolve at build time, it will remain unchanged to be resolved at runtime

/fonts/PPSupply-Mono-Medium.woff2 referenced in /fonts/PPSupply-Mono-Medium.woff2 didn't resolve at build time, it will remain unchanged to be resolved at runtime

/fonts/PPSupply-Mono-Bold.woff2 referenced in /fonts/PPSupply-Mono-Bold.woff2 didn't resolve at build time, it will remain unchanged to be resolved at runtime

/fonts/PPSupply-Sans.woff referenced in /fonts/PPSupply-Sans.woff didn't resolve at build time, it will remain unchanged to be resolved at runtime

/fonts/PPSupply-Sans-Medium.woff referenced in /fonts/PPSupply-Sans-Medium.woff didn't resolve at build time, it will remain unchanged to be resolved at runtime

/fonts/PPSupply-Sans-Bold.woff referenced in /fonts/PPSupply-Sans-Bold.woff didn't resolve at build time, it will remain unchanged to be resolved at runtime

/fonts/PPSupply-Mono.woff referenced in /fonts/PPSupply-Mono.woff didn't resolve at build time, it will remain unchanged to be resolved at runtime

/fonts/PPSupply-Mono-Medium.woff referenced in /fonts/PPSupply-Mono-Medium.woff didn't resolve at build time, it will remain unchanged to be resolved at runtime

/fonts/PPSupply-Mono-Bold.woff referenced in /fonts/PPSupply-Mono-Bold.woff didn't resolve at build time, it will remain unchanged to be resolved at runtime
[vite:css][postcss] @import must precede all other statements (besides @charset or empty @layer)
20 |  
21 |  /* SF Pro Display Font */
22 |  @import url('https://fonts.googleapis.com/css2?family=SF+Pro+Display:wght@100;200;300;400;500;600;700;800;900&display=swap');
   |  ^^^^^^^^^^^^^^^^^^^^^^^^^^^^^^^^^^^^^^^^^^^^^^^^^^^^^^^^^^^^^^^^^^^^^^^^^^^^^^^^^^^^^^^^^^^^^^^^^^^^^^^^^^^^^^^^^^^^^^^^^^^^^
23 |  
24 |  /* PP Supply Sans & Mono Fonts */
3:19:22 PM [vite-plugin-svelte] src/lib/components/BrandStyleguide.svelte:291:7 Visible, non-interactive elements with a click event must be accompanied by a keyboard event handler. Consider whether an interactive element such as `<button type="button">` or `<a>` might be more appropriate
https://svelte.dev/e/a11y_click_events_have_key_events
289:           <div style="display: grid; grid-template-columns: repeat(auto-fill, minmax(280px, 1fr)); gap: 20px;">
290:             {#each generateColorPalette() as colorItem}
291:               <div 
                        ^
292:                 class="color-card"
293:                 style="
3:19:22 PM [vite-plugin-svelte] src/lib/components/BrandStyleguide.svelte:291:7 `<div>` with a click, mouseenter or mouseleave handler must have an ARIA role
https://svelte.dev/e/a11y_no_static_element_interactions
289:           <div style="display: grid; grid-template-columns: repeat(auto-fill, minmax(280px, 1fr)); gap: 20px;">
290:             {#each generateColorPalette() as colorItem}
291:               <div 
                        ^
292:                 class="color-card"
293:                 style="
3:19:22 PM [vite-plugin-svelte] src/lib/components/BrandStyleguide.svelte:546:6 A form label must be associated with a control
https://svelte.dev/e/a11y_label_has_associated_control
544:           
545:           <div style="margin-top: 30px; display: flex; gap: 20px; align-items: center;">
546:             <label style="
                         ^
547:               color: {brandColors.text.primary};
548:               font-family: 'PP Supply Mono', monospace;
3:19:22 PM [vite-plugin-svelte] src/lib/components/AdvancedLiquidTerminal.svelte:247:3 Buttons and links should either contain text or have an `aria-label` or `aria-labelledby` attribute
https://svelte.dev/e/a11y_consider_explicit_label
245:   ">
246:     <div class="traffic-lights" style="display: flex; gap: 8px;">
247:       <button
                  ^
248:         class="traffic-light close"
249:         onclick={() => handleControlClick('close')}
3:19:22 PM [vite-plugin-svelte] src/lib/components/AdvancedLiquidTerminal.svelte:271:3 Buttons and links should either contain text or have an `aria-label` or `aria-labelledby` attribute
https://svelte.dev/e/a11y_consider_explicit_label
269:         }}
270:       ></button>
271:       <button
                  ^
272:         class="traffic-light minimize"
273:         onclick={() => handleControlClick('minimize')}
3:19:22 PM [vite-plugin-svelte] src/lib/components/AdvancedLiquidTerminal.svelte:294:3 Buttons and links should either contain text or have an `aria-label` or `aria-labelledby` attribute
https://svelte.dev/e/a11y_consider_explicit_label
292:         }}
293:       ></button>
294:       <button
                  ^
295:         class="traffic-light maximize"
296:         onclick={() => handleControlClick('maximize')}
3:19:22 PM [vite-plugin-svelte] src/lib/components/AdvancedLiquidTerminal.svelte:37:5 `currentInput` is updated, but is not declared with `$state(...)`. Changing its value will not correctly trigger updates
https://svelte.dev/e/non_reactive_update
35:   let inputRef: HTMLInputElement;
36:   let outputContainer: HTMLDivElement;
37:   let currentInput = '';
                      ^
38:   const commandHistory: string[] = [];
39:   let historyIndex = -1;
3:19:22 PM [vite-plugin-svelte] src/lib/components/AdvancedLiquidTerminal.svelte:41:5 `isTyping` is updated, but is not declared with `$state(...)`. Changing its value will not correctly trigger updates
https://svelte.dev/e/non_reactive_update
39:   let historyIndex = -1;
40:   let currentCommandIndex = 0;
41:   let isTyping = false;
                  ^
42: 
43:   const variants = {
3:19:22 PM [vite-plugin-svelte] src/lib/components/webgl/LiquidGlassShader.svelte:33:5 `meshRef` is updated, but is not declared with `$state(...)`. Changing its value will not correctly trigger updates
https://svelte.dev/e/non_reactive_update
31:   const { scene, renderer, camera } = useThrelte();
32: 
33:   let meshRef: THREE.Mesh;
                             ^
34:   let materialRef: THREE.ShaderMaterial;
35:   let time = $state(0);
3:19:22 PM [vite-plugin-svelte] src/lib/components/webgl/LiquidGlassShader.svelte:34:5 `materialRef` is updated, but is not declared with `$state(...)`. Changing its value will not correctly trigger updates
https://svelte.dev/e/non_reactive_update
32: 
33:   let meshRef: THREE.Mesh;
34:   let materialRef: THREE.ShaderMaterial;
                                           ^
35:   let time = $state(0);
36: 
3:19:22 PM [vite-plugin-svelte] src/lib/components/webgl/LiquidParticleSystem.svelte:31:5 `particleSystemRef` is updated, but is not declared with `$state(...)`. Changing its value will not correctly trigger updates
https://svelte.dev/e/non_reactive_update
29:   const { scene, renderer, camera } = useThrelte();
30: 
31:   let particleSystemRef: THREE.Points;
                                         ^
32:   let materialRef: THREE.ShaderMaterial;
33:   let geometryRef: THREE.BufferGeometry;
3:19:22 PM [vite-plugin-svelte] src/lib/components/webgl/LiquidParticleSystem.svelte:32:5 `materialRef` is updated, but is not declared with `$state(...)`. Changing its value will not correctly trigger updates
https://svelte.dev/e/non_reactive_update
30: 
31:   let particleSystemRef: THREE.Points;
32:   let materialRef: THREE.ShaderMaterial;
                                           ^
33:   let geometryRef: THREE.BufferGeometry;
34:   let time = $state(0);
3:19:22 PM [vite-plugin-svelte] src/lib/components/webgl/LiquidParticleSystem.svelte:33:5 `geometryRef` is updated, but is not declared with `$state(...)`. Changing its value will not correctly trigger updates
https://svelte.dev/e/non_reactive_update
31:   let particleSystemRef: THREE.Points;
32:   let materialRef: THREE.ShaderMaterial;
33:   let geometryRef: THREE.BufferGeometry;
                                           ^
34:   let time = $state(0);
35:   let mousePosition = $state({ x: 0, y: 0 });
3:19:22 PM [vite-plugin-svelte] src/lib/components/webgl/LiquidGlassScene.svelte:98:2 Self-closing HTML tags for non-void elements are ambiguous — use `<ambientLight ...></ambientLight>` rather than `<ambientLight ... />`
https://svelte.dev/e/element_invalid_self_closing_tag
 96:     
 97:     <!-- Ambient light for glass effects -->
 98:     <ambientLight intensity={0.3} />
                                         ^
 99:     
100:     <!-- Point light for liquid highlights -->
3:19:22 PM [vite-plugin-svelte] src/lib/components/webgl/LiquidGlassScene.svelte:101:2 Self-closing HTML tags for non-void elements are ambiguous — use `<pointLight ...></pointLight>` rather than `<pointLight ... />`
https://svelte.dev/e/element_invalid_self_closing_tag
 99:     
100:     <!-- Point light for liquid highlights -->
101:     <pointLight 
           ^
102:       position={[5, 5, 5]} 
103:       intensity={glowIntensity} 
3:19:22 PM [vite-plugin-svelte] src/lib/components/webgl/LiquidGlassScene.svelte:109:2 Self-closing HTML tags for non-void elements are ambiguous — use `<pointLight ...></pointLight>` rather than `<pointLight ... />`
https://svelte.dev/e/element_invalid_self_closing_tag
107:     
108:     <!-- Rim light for glass edges -->
109:     <pointLight 
           ^
110:       position={[-5, -5, 5]} 
111:       intensity={glowIntensity * 0.7} 
3:19:23 PM [vite-plugin-svelte] src/lib/components/webgl/LiquidSphere.svelte:26:5 `sphereRef` is updated, but is not declared with `$state(...)`. Changing its value will not correctly trigger updates
https://svelte.dev/e/non_reactive_update
24:   }: Props = $props();
25: 
26:   let sphereRef: THREE.Mesh;
                               ^
27:   let material: THREE.ShaderMaterial;
28: 
3:19:23 PM [vite-plugin-svelte] src/lib/components/webgl/LiquidSphere.svelte:27:5 `material` is updated, but is not declared with `$state(...)`. Changing its value will not correctly trigger updates
https://svelte.dev/e/non_reactive_update
25: 
26:   let sphereRef: THREE.Mesh;
27:   let material: THREE.ShaderMaterial;
                                        ^
28: 
29:   const vertexShader = `
3:19:23 PM [vite-plugin-svelte] src/lib/components/webgl/LiquidPlane.svelte:26:5 `planeRef` is updated, but is not declared with `$state(...)`. Changing its value will not correctly trigger updates
https://svelte.dev/e/non_reactive_update
24:   }: Props = $props();
25: 
26:   let planeRef: THREE.Mesh;
                              ^
27:   let material: THREE.ShaderMaterial;
28: 
3:19:23 PM [vite-plugin-svelte] src/lib/components/webgl/LiquidPlane.svelte:27:5 `material` is updated, but is not declared with `$state(...)`. Changing its value will not correctly trigger updates
https://svelte.dev/e/non_reactive_update
25: 
26:   let planeRef: THREE.Mesh;
27:   let material: THREE.ShaderMaterial;
                                        ^
28: 
29:   const vertexShader = `
3:19:23 PM [vite-plugin-svelte] src/lib/components/webgl/ParticleSystem.svelte:24:5 `particlesRef` is updated, but is not declared with `$state(...)`. Changing its value will not correctly trigger updates
https://svelte.dev/e/non_reactive_update
22:   }: Props = $props();
23: 
24:   let particlesRef: THREE.Points;
                                    ^
25:   let material: THREE.ShaderMaterial;
26:   let geometry: THREE.BufferGeometry;
3:19:23 PM [vite-plugin-svelte] src/lib/components/webgl/ParticleSystem.svelte:25:5 `material` is updated, but is not declared with `$state(...)`. Changing its value will not correctly trigger updates
https://svelte.dev/e/non_reactive_update
23: 
24:   let particlesRef: THREE.Points;
25:   let material: THREE.ShaderMaterial;
                                        ^
26:   let geometry: THREE.BufferGeometry;
27: 
3:19:23 PM [vite-plugin-svelte] src/lib/components/webgl/ParticleSystem.svelte:26:5 `geometry` is updated, but is not declared with `$state(...)`. Changing its value will not correctly trigger updates
https://svelte.dev/e/non_reactive_update
24:   let particlesRef: THREE.Points;
25:   let material: THREE.ShaderMaterial;
26:   let geometry: THREE.BufferGeometry;
                                        ^
27: 
28:   const vertexShader = `
3:19:23 PM [vite-plugin-svelte] src/lib/components/Badge.svelte:105:1 noninteractive element cannot have nonnegative tabIndex value
https://svelte.dev/e/a11y_no_noninteractive_tabindex
103:   {/if}
104: {:else}
105:   <span
            ^
106:     class={combinedClasses}
107:     role={interactive ? 'button' : 'status'}
3:19:23 PM [vite-plugin-svelte] src/lib/components/Modal.svelte:165:1 Elements with the 'dialog' interactive role must have a tabindex value
https://svelte.dev/e/a11y_interactive_supports_focus
163: 
164: {#if open}
165:   <div
           ^
166:     class={overlayClasses}
167:     role="dialog"
3:19:23 PM [vite-plugin-svelte] src/lib/components/Modal.svelte:165:1 Visible, non-interactive elements with a click event must be accompanied by a keyboard event handler. Consider whether an interactive element such as `<button type="button">` or `<a>` might be more appropriate
https://svelte.dev/e/a11y_click_events_have_key_events
163: 
164: {#if open}
165:   <div
           ^
166:     class={overlayClasses}
167:     role="dialog"
3:19:23 PM [vite-plugin-svelte] src/lib/components/Textarea.svelte:84:2 This reference only captures the initial value of `isFocused`. Did you mean to reference it inside a closure instead?
https://svelte.dev/e/state_referenced_locally
82:     resizeClasses[resize],
83:     disabled && 'opacity-50 cursor-not-allowed',
84:     isFocused && variant === 'glass' && 'glass-medium',
                 ^
85:     className
86:   );
3:19:23 PM [vite-plugin-svelte] src/lib/components/Switch.svelte:149:4 Visible, non-interactive elements with a click event must be accompanied by a keyboard event handler. Consider whether an interactive element such as `<button type="button">` or `<a>` might be more appropriate
https://svelte.dev/e/a11y_click_events_have_key_events
147:     <div class="flex flex-col">
148:       {#if label}
149:         <label
                   ^
150:           id={labelId}
151:           class="text-sm font-medium text-white cursor-pointer"
3:19:23 PM [vite-plugin-svelte] src/lib/components/Switch.svelte:149:4 Non-interactive element `<label>` should not be assigned mouse or keyboard event listeners
https://svelte.dev/e/a11y_no_noninteractive_element_interactions
147:     <div class="flex flex-col">
148:       {#if label}
149:         <label
                   ^
150:           id={labelId}
151:           class="text-sm font-medium text-white cursor-pointer"
3:19:23 PM [vite-plugin-svelte] src/lib/components/Slider.svelte:116:2 This reference only captures the initial value of `isDragging`. Did you mean to reference it inside a closure instead?
https://svelte.dev/e/state_referenced_locally
114:     variants[variant].thumb,
115:     disabled && 'cursor-not-allowed hover:scale-100 active:scale-100',
116:     isDragging && 'scale-110',
                   ^
117:     isFocused && 'ring-2 ring-blue-400/50'
118:   );
3:19:23 PM [vite-plugin-svelte] src/lib/components/Slider.svelte:117:2 This reference only captures the initial value of `isFocused`. Did you mean to reference it inside a closure instead?
https://svelte.dev/e/state_referenced_locally
115:     disabled && 'cursor-not-allowed hover:scale-100 active:scale-100',
116:     isDragging && 'scale-110',
117:     isFocused && 'ring-2 ring-blue-400/50'
                  ^
118:   );
119: 
3:19:23 PM [vite-plugin-svelte] src/lib/components/Slider.svelte:213:2 A form label must be associated with a control
https://svelte.dev/e/a11y_label_has_associated_control
211: <div class="w-full space-y-2">
212:   {#if label}
213:     <label class="block text-sm font-medium text-white" class:opacity-50={disabled}>
                 ^
214:       {label}
215:       {#if showValue}
3:19:23 PM [vite-plugin-svelte] src/lib/components/Toast.svelte:44:5 `toastElement` is updated, but is not declared with `$state(...)`. Changing its value will not correctly trigger updates
https://svelte.dev/e/non_reactive_update
42:   }: Props = $props();
43: 
44:   let toastElement: HTMLDivElement;
                                      ^
45:   let timeoutId: NodeJS.Timeout | null = null;
46: 
3:19:23 PM [vite-plugin-svelte] src/lib/components/Progress.svelte:100:43 This reference only captures the initial value of `percentage`. Did you mean to reference it inside a closure instead?
https://svelte.dev/e/state_referenced_locally
 98:   const circumference = 2 * Math.PI * radius;
 99:   const strokeDasharray = circumference;
100:   const strokeDashoffset = circumference - (percentage / 100) * circumference;
                                                           ^
101: 
102:   // Track bundle size
3:19:23 PM [vite-plugin-svelte] src/lib/components/Progress.svelte:111:3 A form label must be associated with a control
https://svelte.dev/e/a11y_label_has_associated_control
109:   {#if label}
110:     <div class="flex justify-between items-center">
111:       <label class="text-sm font-medium text-white">
                   ^
112:         {label}
113:       </label>
3:19:23 PM [vite-plugin-svelte] src/lib/components/Select.svelte:207:1 A form label must be associated with a control
https://svelte.dev/e/a11y_label_has_associated_control
205: 
206: {#if label}
207:   <label id={labelId} class="block text-sm font-medium text-white/80 mb-2">
               ^
208:     {label}
209:   </label>
3:19:23 PM [vite-plugin-svelte] src/lib/components/Select.svelte:252:3 Visible, non-interactive elements with a click event must be accompanied by a keyboard event handler. Consider whether an interactive element such as `<button type="button">` or `<a>` might be more appropriate
https://svelte.dev/e/a11y_click_events_have_key_events
250:   >
251:     {#each options as option, index}
252:       <li
              ^
253:         id={`${uniqueId}-option-${index}`}
254:         class={cn(
3:19:23 PM [vite-plugin-svelte] src/lib/components/Select.svelte:48:5 `listboxElement` is updated, but is not declared with `$state(...)`. Changing its value will not correctly trigger updates
https://svelte.dev/e/non_reactive_update
46:   let isOpen = $state(false);
47:   let selectElement: HTMLDivElement;
48:   let listboxElement: HTMLUListElement;
                                          ^
49:   let activeIndex = $state(-1);
50: 
3:19:23 PM [vite-plugin-svelte] src/lib/components/DatePicker.svelte:46:5 `calendarRef` is updated, but is not declared with `$state(...)`. Changing its value will not correctly trigger updates
https://svelte.dev/e/non_reactive_update
44: 
45:   let inputRef: HTMLInputElement;
46:   let calendarRef: HTMLDivElement;
                                     ^
47:   let isOpen = $state(false);
48:   let inputValue = $state('');
3:19:24 PM [vite-plugin-svelte] src/lib/components/MultiSelect.svelte:363:5 Elements with the 'option' interactive role must have a tabindex value
https://svelte.dev/e/a11y_interactive_supports_focus
361:           {@const isSelected = selectedValues.includes(option.value)}
362:           
363:           <div
                   ^
364:             onclick={() => handleOptionSelect(option)}
365:             class="cursor-pointer transition-all duration-150 {currentSize.option}
3:19:24 PM [vite-plugin-svelte] src/lib/components/MultiSelect.svelte:363:5 Visible, non-interactive elements with a click event must be accompanied by a keyboard event handler. Consider whether an interactive element such as `<button type="button">` or `<a>` might be more appropriate
https://svelte.dev/e/a11y_click_events_have_key_events
361:           {@const isSelected = selectedValues.includes(option.value)}
362:           
363:           <div
                   ^
364:             onclick={() => handleOptionSelect(option)}
365:             class="cursor-pointer transition-all duration-150 {currentSize.option}
3:19:24 PM [vite-plugin-svelte] src/lib/components/MultiSelect.svelte:56:5 `searchInputRef` is updated, but is not declared with `$state(...)`. Changing its value will not correctly trigger updates
https://svelte.dev/e/non_reactive_update
54: 
55:   let containerRef: HTMLDivElement;
56:   let searchInputRef: HTMLInputElement;
                                          ^
57:   let dropdownRef: HTMLDivElement;
58:   let isOpen = $state(false);
3:19:24 PM [vite-plugin-svelte] src/lib/components/MultiSelect.svelte:57:5 `dropdownRef` is updated, but is not declared with `$state(...)`. Changing its value will not correctly trigger updates
https://svelte.dev/e/non_reactive_update
55:   let containerRef: HTMLDivElement;
56:   let searchInputRef: HTMLInputElement;
57:   let dropdownRef: HTMLDivElement;
                                     ^
58:   let isOpen = $state(false);
59:   let searchTerm = $state('');
3:19:24 PM [vite-plugin-svelte] src/lib/components/FileUpload.svelte:330:0 Visible, non-interactive elements with a click event must be accompanied by a keyboard event handler. Consider whether an interactive element such as `<button type="button">` or `<a>` might be more appropriate
https://svelte.dev/e/a11y_click_events_have_key_events
328: 
329: <!-- Drop zone -->
330: <div
         ^
331:   bind:this={dropZoneRef}
332:   class={combinedClasses}
3:19:24 PM [vite-plugin-svelte] src/lib/components/Navbar.svelte:189:1 Redundant role 'navigation'
https://svelte.dev/e/a11y_no_redundant_roles
187:   bind:this={navRef}
188:   class={navClasses}
189:   role="navigation"
                        ^
190:   aria-label="Main navigation"
191:   use:liquidBlur={backdrop ? { blur: 'xl', opacity: 'medium' } : undefined}
3:19:24 PM [vite-plugin-svelte] src/lib/components/Table.svelte:215:29 Redundant role 'table'
https://svelte.dev/e/a11y_no_redundant_roles
213: 
214: <div class={containerClasses}>
215:   <table class={tableClasses} role="table">
                                               ^
216:     <caption class="sr-only">
217:       Data table with {data.length} rows and {columns.length} columns
3:19:24 PM [vite-plugin-svelte] src/lib/components/List.svelte:283:4 Visible, non-interactive elements with a click event must be accompanied by a keyboard event handler. Consider whether an interactive element such as `<button type="button">` or `<a>` might be more appropriate
https://svelte.dev/e/a11y_click_events_have_key_events
281:       {#each items as item, index (item.id)}
282:         {@const isSelected = currentSelectedItems.has(item.id)}
283:         <div
                 ^
284:           class={cn(
285:             currentSize.item,
3:19:24 PM [vite-plugin-svelte] src/lib/components/List.svelte:283:4 noninteractive element cannot have nonnegative tabIndex value
https://svelte.dev/e/a11y_no_noninteractive_tabindex
281:       {#each items as item, index (item.id)}
282:         {@const isSelected = currentSelectedItems.has(item.id)}
283:         <div
                 ^
284:           class={cn(
285:             currentSize.item,
3:19:24 PM [vite-plugin-svelte] src/lib/components/List.svelte:296:5 The attribute 'aria-selected' is not supported by the role 'listitem'
https://svelte.dev/e/a11y_role_supports_aria_props
294:           role="listitem"
295:           tabindex={item.disabled ? -1 : 0}
296:           aria-selected={selectable ? isSelected : undefined}
                                                                  ^
297:           aria-pressed={selectable ? isSelected : undefined}
298:           aria-label={item.title}
3:19:24 PM [vite-plugin-svelte] src/lib/components/List.svelte:297:5 The attribute 'aria-pressed' is not supported by the role 'listitem'
https://svelte.dev/e/a11y_role_supports_aria_props
295:           tabindex={item.disabled ? -1 : 0}
296:           aria-selected={selectable ? isSelected : undefined}
297:           aria-pressed={selectable ? isSelected : undefined}
                                                                 ^
298:           aria-label={item.title}
299:           aria-describedby={item.description ? `item-${item.id}-description` : undefined}
3:19:24 PM [vite-plugin-svelte] src/lib/components/List.svelte:283:4 Non-interactive element `<div>` should not be assigned mouse or keyboard event listeners
https://svelte.dev/e/a11y_no_noninteractive_element_interactions
281:       {#each items as item, index (item.id)}
282:         {@const isSelected = currentSelectedItems.has(item.id)}
283:         <div
                 ^
284:           class={cn(
285:             currentSize.item,
3:19:24 PM [vite-plugin-svelte] src/lib/components/DataGrid.svelte:551:11 Avoid using autofocus
https://svelte.dev/e/a11y_autofocus
549:                       bind:value={editingValue}
550:                       class="w-full bg-transparent border border-blue-500 rounded px-2 py-1"
551:                       autofocus
                                    ^
552:                       onkeydown={(e) => {
553:                         if (e.key === 'Enter') saveEdit();
3:19:24 PM [vite-plugin-svelte] src/lib/components/AdvancedTerminal.svelte:45:5 `canvasRef` is updated, but is not declared with `$state(...)`. Changing its value will not correctly trigger updates
https://svelte.dev/e/non_reactive_update
43: 
44:   let terminalRef: HTMLDivElement;
45:   let canvasRef: HTMLCanvasElement;
                                      ^
46:   let inputValue = $state('');
47:   let history = $state<Array<{ command: string; output: string; timestamp: Date }>>([]);
3:19:24 PM [vite-plugin-svelte] src/lib/components/LiquidTerminal.svelte:529:0 `<div>` with a mousemove handler must have an ARIA role
https://svelte.dev/e/a11y_no_static_element_interactions
527: <svelte:window on:resize={resizeCanvases} />
528: 
529: <div 
          ^
530:   class={cn(
531:     'relative overflow-hidden rounded-2xl backdrop-blur-xl transition-all duration-500',
3:19:24 PM [vite-plugin-svelte] src/lib/components/LiquidTerminal.svelte:125:5 `liquidCanvasRef` is updated, but is not declared with `$state(...)`. Changing its value will not correctly trigger updates
https://svelte.dev/e/non_reactive_update
123: 
124:   let terminalRef: HTMLDivElement;
125:   let liquidCanvasRef: HTMLCanvasElement;
                                             ^
126:   let particleCanvasRef: HTMLCanvasElement;
127:   let waveformCanvasRef: HTMLCanvasElement;
3:19:24 PM [vite-plugin-svelte] src/lib/components/CommandBlock.svelte:223:0 Visible, non-interactive elements with a click event must be accompanied by a keyboard event handler. Consider whether an interactive element such as `<button type="button">` or `<a>` might be more appropriate
https://svelte.dev/e/a11y_click_events_have_key_events
221: </script>
222: 
223: <div 
          ^
224:   bind:this={blockRef}
225:   class={cn(
3:19:24 PM [vite-plugin-svelte] src/lib/components/CommandBlock.svelte:223:0 `<div>` with a mouseenter, mouseleave or click handler must have an ARIA role
https://svelte.dev/e/a11y_no_static_element_interactions
221: </script>
222: 
223: <div 
          ^
224:   bind:this={blockRef}
225:   class={cn(
3:19:24 PM [vite-plugin-svelte] src/lib/components/AICommandSuggestions.svelte:316:5 Visible, non-interactive elements with a click event must be accompanied by a keyboard event handler. Consider whether an interactive element such as `<button type="button">` or `<a>` might be more appropriate
https://svelte.dev/e/a11y_click_events_have_key_events
314:       <div class="space-y-2">
315:         {#each $aiSuggestions as suggestion, index (suggestion.command)}
316:           <div 
                    ^
317:             class={cn(
318:               'p-3 rounded-lg cursor-pointer transition-all duration-200',
3:19:24 PM [vite-plugin-svelte] src/lib/components/AICommandSuggestions.svelte:316:5 `<div>` with a click handler must have an ARIA role
https://svelte.dev/e/a11y_no_static_element_interactions
314:       <div class="space-y-2">
315:         {#each $aiSuggestions as suggestion, index (suggestion.command)}
316:           <div 
                    ^
317:             class={cn(
318:               'p-3 rounded-lg cursor-pointer transition-all duration-200',
3:19:24 PM [vite-plugin-svelte] src/lib/components/liquidify/GlassModal.svelte:29:5 `modalRef` is updated, but is not declared with `$state(...)`. Changing its value will not correctly trigger updates
https://svelte.dev/e/non_reactive_update
27:   const dispatch = createEventDispatcher();
28: 
29:   let modalRef: HTMLDivElement;
                                  ^
30:   let backdropRef: HTMLDivElement;
31: 
3:19:24 PM [vite-plugin-svelte] src/lib/components/liquidify/GlassModal.svelte:30:5 `backdropRef` is updated, but is not declared with `$state(...)`. Changing its value will not correctly trigger updates
https://svelte.dev/e/non_reactive_update
28: 
29:   let modalRef: HTMLDivElement;
30:   let backdropRef: HTMLDivElement;
                                     ^
31: 
32:   const handleClose = () => {
✓ 4019 modules transformed.
rendering chunks...
computing gzip size...
.svelte-kit/output/client/_app/version.json                                              0.03 kB │ gzip:   0.05 kB
.svelte-kit/output/client/.vite/manifest.json                                           12.33 kB │ gzip:   1.60 kB
.svelte-kit/output/client/_app/immutable/assets/perf.CRrrHBvs.css                        0.06 kB │ gzip:   0.08 kB
.svelte-kit/output/client/_app/immutable/assets/DocsNav._gZpP8Ks.css                     0.06 kB │ gzip:   0.07 kB
.svelte-kit/output/client/_app/immutable/assets/threlte.C-GW8brK.css                     0.14 kB │ gzip:   0.10 kB
.svelte-kit/output/client/_app/immutable/assets/LiquidBackground.BF1gJjIR.css            0.16 kB │ gzip:   0.11 kB
.svelte-kit/output/client/_app/immutable/assets/3.42-tHHFK.css                           0.16 kB │ gzip:   0.15 kB
.svelte-kit/output/client/_app/immutable/assets/5.CgHLzEUz.css                           0.32 kB │ gzip:   0.21 kB
.svelte-kit/output/client/_app/immutable/assets/ThrelteCanvas.BkO5RJl0.css               0.54 kB │ gzip:   0.25 kB
.svelte-kit/output/client/_app/immutable/assets/DocsNav.B4KwB6Jz.css                     0.60 kB │ gzip:   0.27 kB
.svelte-kit/output/client/_app/immutable/assets/TerminalWindow.Cp_9XtHB.css              0.61 kB │ gzip:   0.27 kB
.svelte-kit/output/client/_app/immutable/assets/8.Cly7RtG9.css                           0.64 kB │ gzip:   0.29 kB
.svelte-kit/output/client/_app/immutable/assets/TerminalOrbit.BjNWFZOI.css               1.44 kB │ gzip:   0.56 kB
.svelte-kit/output/client/_app/immutable/assets/PortfolioCard.CJrMgFe1.css               1.51 kB │ gzip:   0.54 kB
.svelte-kit/output/client/_app/immutable/assets/2.eL5dIzuj.css                           1.81 kB │ gzip:   0.70 kB
.svelte-kit/output/client/_app/immutable/assets/BrandStyleguide.Cbh6lG--.css             3.12 kB │ gzip:   0.93 kB
.svelte-kit/output/client/_app/immutable/assets/AdvancedLiquidGlassScene.CIq0rcMT.css    4.83 kB │ gzip:   1.34 kB
.svelte-kit/output/client/_app/immutable/assets/4.Cchr7vfB.css                           6.24 kB │ gzip:   1.28 kB
.svelte-kit/output/client/_app/immutable/assets/0.P9QSP8__.css                         108.95 kB │ gzip:  15.22 kB
.svelte-kit/output/client/_app/immutable/entry/start.DJjdYzNj.js                         0.13 kB │ gzip:   0.13 kB │ map:     0.10 kB
.svelte-kit/output/client/_app/immutable/chunks/DLLz7MkU.js                              0.35 kB │ gzip:   0.26 kB │ map:     1.72 kB
.svelte-kit/output/client/_app/immutable/nodes/1.iSPkfvFA.js                             0.52 kB │ gzip:   0.36 kB │ map:     5.28 kB
.svelte-kit/output/client/_app/immutable/chunks/B-wU8TUe.js                              0.82 kB │ gzip:   0.51 kB │ map:     3.35 kB
.svelte-kit/output/client/_app/immutable/chunks/Ct5FWWRu.js                              1.27 kB │ gzip:   0.75 kB │ map:     0.09 kB
.svelte-kit/output/client/_app/immutable/chunks/DcvaHRIh.js                              1.53 kB │ gzip:   0.77 kB │ map:     8.67 kB
.svelte-kit/output/client/_app/immutable/chunks/DmeXpw06.js                              2.23 kB │ gzip:   0.99 kB │ map:     3.43 kB
.svelte-kit/output/client/_app/immutable/chunks/y1IZFa0M.js                              3.09 kB │ gzip:   1.59 kB │ map:     6.20 kB
.svelte-kit/output/client/_app/immutable/chunks/DuagG3DH.js                              3.45 kB │ gzip:   1.62 kB │ map:     6.31 kB
.svelte-kit/output/client/_app/immutable/entry/app.DSqkisz9.js                           4.50 kB │ gzip:   1.94 kB │ map:     5.67 kB
.svelte-kit/output/client/_app/immutable/chunks/DLaohqRw.js                              5.23 kB │ gzip:   2.01 kB │ map:    15.83 kB
.svelte-kit/output/client/_app/immutable/chunks/Dk_Olh0b.js                              6.74 kB │ gzip:   2.68 kB │ map:    15.71 kB
.svelte-kit/output/client/_app/immutable/chunks/Bi7Z5LQg.js                              6.83 kB │ gzip:   3.02 kB │ map:    25.47 kB
.svelte-kit/output/client/_app/immutable/chunks/DpXzPYjU.js                              6.95 kB │ gzip:   2.38 kB │ map:    12.21 kB
.svelte-kit/output/client/_app/immutable/nodes/8.CD0rQkde.js                             7.89 kB │ gzip:   2.84 kB │ map:    14.58 kB
.svelte-kit/output/client/_app/immutable/chunks/BwG3gzvR.js                              8.54 kB │ gzip:   3.46 kB │ map:    20.03 kB
.svelte-kit/output/client/_app/immutable/nodes/3.DO3LSsn4.js                             8.62 kB │ gzip:   3.40 kB │ map:    12.18 kB
.svelte-kit/output/client/_app/immutable/chunks/46kFXUg2.js                             12.18 kB │ gzip:   4.09 kB │ map:    29.78 kB
.svelte-kit/output/client/_app/immutable/nodes/0.sb9jj3Dl.js                            15.08 kB │ gzip:   5.55 kB │ map:    33.73 kB
.svelte-kit/output/client/_app/immutable/nodes/7.B27GOV_2.js                            15.24 kB │ gzip:   4.06 kB │ map:    22.99 kB
.svelte-kit/output/client/_app/immutable/chunks/BGxeiVdG.js                             15.81 kB │ gzip:   2.35 kB │ map:    28.80 kB
.svelte-kit/output/client/_app/immutable/nodes/2.DzaOV6Xr.js                            17.71 kB │ gzip:   5.64 kB │ map:    26.20 kB
.svelte-kit/output/client/_app/immutable/nodes/5.CurY84cd.js                            23.18 kB │ gzip:   6.85 kB │ map:    36.21 kB
.svelte-kit/output/client/_app/immutable/nodes/6.D4B7dixc.js                            24.51 kB │ gzip:   6.75 kB │ map:    44.50 kB
.svelte-kit/output/client/_app/immutable/chunks/2eHCr-kb.js                             26.15 kB │ gzip:   8.52 kB │ map:   139.70 kB
.svelte-kit/output/client/_app/immutable/chunks/CrYn3e-s.js                             30.39 kB │ gzip:  11.98 kB │ map:   199.00 kB
.svelte-kit/output/client/_app/immutable/chunks/CKCUPtLC.js                             31.45 kB │ gzip:  10.70 kB │ map:   147.75 kB
.svelte-kit/output/client/_app/immutable/chunks/BRMX-grc.js                             32.66 kB │ gzip:  10.59 kB │ map:    71.73 kB
.svelte-kit/output/client/_app/immutable/nodes/4.DM66VG8X.js                            46.30 kB │ gzip:  15.72 kB │ map:   111.27 kB
.svelte-kit/output/client/_app/immutable/chunks/lpw-u-0j.js                             50.00 kB │ gzip:  13.86 kB │ map:    93.18 kB
.svelte-kit/output/client/_app/immutable/chunks/7uwEQu-8.js                            842.83 kB │ gzip: 230.52 kB │ map: 3,420.69 kB
✓ built in 4.48s
.svelte-kit/output/server/.vite/manifest.json                                    6.64 kB
.svelte-kit/output/server/_app/immutable/assets/_page.42-tHHFK.css               0.16 kB
.svelte-kit/output/server/_app/immutable/assets/_page.CgHLzEUz.css               0.32 kB
.svelte-kit/output/server/_app/immutable/assets/DocsNav.Bu5wvn6T.css             0.67 kB
.svelte-kit/output/server/_app/immutable/assets/CodeHighlight.OxRnV0Ie.css       0.77 kB
.svelte-kit/output/server/_app/immutable/assets/PortfolioCard.CJrMgFe1.css       1.51 kB
.svelte-kit/output/server/_app/immutable/assets/_page.DqAe_R-l.css               2.81 kB
.svelte-kit/output/server/_app/immutable/assets/_page.BnyLE1Pw.css               2.89 kB
.svelte-kit/output/server/_app/immutable/assets/PerfOverlay.BKYdMrHz.css         3.40 kB
.svelte-kit/output/server/_app/immutable/assets/_page.Bs3K4AU1.css               6.07 kB
.svelte-kit/output/server/_app/immutable/assets/_layout.P9QSP8__.css           108.95 kB
.svelte-kit/output/server/chunks/utils.js                                        0.15 kB │ map:   0.39 kB
.svelte-kit/output/server/chunks/lazy.js                                         0.20 kB │ map:   1.55 kB
.svelte-kit/output/server/internal.js                                            0.34 kB │ map:   0.09 kB
.svelte-kit/output/server/chunks/PerfOverlay.svelte_svelte_type_style_lang.js    0.40 kB │ map:   3.82 kB
.svelte-kit/output/server/entries/fallbacks/error.svelte.js                      0.41 kB │ map:   7.30 kB
.svelte-kit/output/server/chunks/client.js                                       0.47 kB │ map: 109.53 kB
.svelte-kit/output/server/entries/pages/_layout.svelte.js                        0.79 kB │ map:  11.19 kB
.svelte-kit/output/server/chunks/exports.js                                      2.55 kB │ map:  12.09 kB
.svelte-kit/output/server/chunks/perf.js                                         3.06 kB │ map:  11.87 kB
.svelte-kit/output/server/chunks/internal.js                                     3.79 kB │ map:  12.56 kB
.svelte-kit/output/server/chunks/responsive.js                                   4.05 kB │ map:  11.65 kB
.svelte-kit/output/server/chunks/CodeHighlight.js                                6.18 kB │ map:  14.59 kB
.svelte-kit/output/server/chunks/DocsNav.js                                      6.35 kB │ map:  18.45 kB
.svelte-kit/output/server/entries/pages/docs/guidelines/_page.svelte.js          6.67 kB │ map:  33.83 kB
.svelte-kit/output/server/entries/pages/docs/_page.svelte.js                     6.80 kB │ map:  11.30 kB
.svelte-kit/output/server/entries/pages/docs/tokens/_page.svelte.js              7.03 kB │ map:  36.88 kB
.svelte-kit/output/server/chunks/PortfolioCard.js                                7.86 kB │ map:  26.34 kB
.svelte-kit/output/server/chunks/lucide.js                                      11.34 kB │ map:  21.44 kB
.svelte-kit/output/server/entries/pages/responsive/_page.svelte.js              12.76 kB │ map:  22.53 kB
.svelte-kit/output/server/entries/pages/showcase/_page.svelte.js                15.65 kB │ map:  43.49 kB
.svelte-kit/output/server/entries/pages/_page.svelte.js                         16.34 kB │ map:  44.86 kB
.svelte-kit/output/server/chunks/threlte.js                                     21.67 kB │ map: 253.23 kB
.svelte-kit/output/server/entries/pages/docs/components/_page.svelte.js         27.70 kB │ map:  81.62 kB
.svelte-kit/output/server/index.js                                              48.65 kB │ map: 259.69 kB
✓ built in 9.40s

Run npm run preview to preview your production build locally.

> Using @sveltejs/adapter-vercel
  ✔ done

> tulio-brand-system@0.2.0 build:package
> svelte-kit sync && svelte-package && publint

d.ts type declaration files for the following files were likely not generated due to the following errors:
/Users/tuliopinheirocunha/tulio-brand-system/src/lib/components/DataGrid.svelte.ts
  - Exported variable 'DataGrid' has or is using private name 'GridColumn'.
/Users/tuliopinheirocunha/tulio-brand-system/src/lib/components/Navbar.svelte.ts
  - Exported variable 'Navbar' has or is using private name 'NavItem'.
src/lib -> dist
tulio-brand-system lint results:
Suggestions:
1. pkg.repository.url is https://github.com/tuliopinheirocunha/tulio-brand-system.git but could be a full git URL like "git+https://github.com/tuliopinheirocunha/tulio-brand-system.git".
